<?xml version="1.0" encoding="utf-8"?><testsuites name="pytest tests"><testsuite name="pytest" errors="0" failures="0" skipped="0" tests="122" time="4.955" timestamp="2026-02-22T12:54:10.608933+05:30" hostname="TAO00082"><testcase classname="tests.test_book_schema.TestBookCreate" name="test_minimal_valid" time="0.001" /><testcase classname="tests.test_book_schema.TestBookCreate" name="test_all_fields" time="0.001" /><testcase classname="tests.test_book_schema.TestBookCreate" name="test_missing_title_rejected" time="0.001" /><testcase classname="tests.test_book_schema.TestBookCreate" name="test_missing_author_rejected" time="0.001" /><testcase classname="tests.test_book_schema.TestBookCreate" name="test_empty_strings_accepted" time="0.001" /><testcase classname="tests.test_book_schema.TestBookUpdate" name="test_all_fields_optional" time="0.000" /><testcase classname="tests.test_book_schema.TestBookUpdate" name="test_partial_update" time="0.001" /><testcase classname="tests.test_book_schema.TestBookUpdate" name="test_exclude_unset_behaviour" time="0.001" /><testcase classname="tests.test_book_schema.TestBookResponse" name="test_with_uuid" time="0.001" /><testcase classname="tests.test_book_schema.TestBookResponse" name="test_with_summary" time="0.001" /><testcase classname="tests.test_book_schema.TestBookListResponse" name="test_empty_list" time="0.000" /><testcase classname="tests.test_book_schema.TestBookListResponse" name="test_with_items" time="0.001" /><testcase classname="tests.test_book_service.TestCreateBook" name="test_persists_and_returns_book" time="0.079" /><testcase classname="tests.test_book_service.TestCreateBook" name="test_sets_all_optional_fields" time="0.022" /><testcase classname="tests.test_book_service.TestGetAllBooks" name="test_empty_database" time="0.025" /><testcase classname="tests.test_book_service.TestGetAllBooks" name="test_returns_all_inserted" time="0.023" /><testcase classname="tests.test_book_service.TestGetBookById" name="test_existing_book" time="0.027" /><testcase classname="tests.test_book_service.TestGetBookById" name="test_nonexistent_raises_404" time="0.023" /><testcase classname="tests.test_book_service.TestUpdateBookSummary" name="test_sets_summary" time="0.025" /><testcase classname="tests.test_book_service.TestUpdateBookSummary" name="test_nonexistent_raises_404" time="0.026" /><testcase classname="tests.test_book_service.TestUpdateBook" name="test_partial_update_title" time="0.027" /><testcase classname="tests.test_book_service.TestUpdateBook" name="test_update_multiple_fields" time="0.033" /><testcase classname="tests.test_book_service.TestUpdateBook" name="test_nonexistent_raises_404" time="0.021" /><testcase classname="tests.test_book_service.TestDeleteBook" name="test_success_message" time="0.029" /><testcase classname="tests.test_book_service.TestDeleteBook" name="test_book_gone_after_delete" time="0.026" /><testcase classname="tests.test_exception.TestAppException" name="test_default_status_400" time="0.001" /><testcase classname="tests.test_exception.TestAppException" name="test_custom_status" time="0.000" /><testcase classname="tests.test_exception.TestAppException" name="test_is_exception" time="0.000" /><testcase classname="tests.test_exception.TestAppException" name="test_str_and_message_match" time="0.000" /><testcase classname="tests.test_exception.TestNotFoundException" name="test_default_message" time="0.001" /><testcase classname="tests.test_exception.TestNotFoundException" name="test_custom_message" time="0.001" /><testcase classname="tests.test_exception.TestNotFoundException" name="test_inherits_app_exception" time="0.000" /><testcase classname="tests.test_exception.TestNotFoundException" name="test_is_base_exception" time="0.000" /><testcase classname="tests.test_exception.TestUnauthorizedException" name="test_default_message" time="0.001" /><testcase classname="tests.test_exception.TestUnauthorizedException" name="test_custom_message" time="0.000" /><testcase classname="tests.test_exception.TestUnauthorizedException" name="test_inherits_app_exception" time="0.000" /><testcase classname="tests.test_exception.TestInternalServerException" name="test_default_message" time="0.000" /><testcase classname="tests.test_exception.TestInternalServerException" name="test_custom_message" time="0.001" /><testcase classname="tests.test_exception.TestInternalServerException" name="test_inherits_app_exception" time="0.001" /><testcase classname="tests.test_rbac.TestRequireRoleSingle" name="test_admin_allowed" time="0.001" /><testcase classname="tests.test_rbac.TestRequireRoleSingle" name="test_user_denied" time="0.001" /><testcase classname="tests.test_rbac.TestRequireRoleMultiple" name="test_any_listed_role_passes" time="0.001" /><testcase classname="tests.test_rbac.TestRequireRoleMultiple" name="test_unlisted_role_denied" time="0.000" /><testcase classname="tests.test_rbac.TestRequireRoleReturnValue" name="test_returns_full_user_dict" time="0.000" /><testcase classname="tests.test_recommendation_service.TestGetRecommendations" name="test_default_returns_list" time="0.036" /><testcase classname="tests.test_recommendation_service.TestGetRecommendations" name="test_limit_respected" time="0.031" /><testcase classname="tests.test_recommendation_service.TestGetRecommendations" name="test_genre_filter" time="0.033" /><testcase classname="tests.test_recommendation_service.TestGetRecommendations" name="test_min_rating_filter" time="0.035" /><testcase classname="tests.test_recommendation_service.TestGetRecommendations" name="test_empty_database" time="0.023" /><testcase classname="tests.test_recommendation_service.TestGetRecommendations" name="test_reason_with_genre" time="0.034" /><testcase classname="tests.test_recommendation_service.TestGetRecommendations" name="test_reason_without_genre" time="0.032" /><testcase classname="tests.test_recommendation_service.TestGetSimilarBooks" name="test_same_genre_returned" time="0.030" /><testcase classname="tests.test_recommendation_service.TestGetSimilarBooks" name="test_excludes_reference_book" time="0.031" /><testcase classname="tests.test_recommendation_service.TestGetSimilarBooks" name="test_limit_respected" time="0.030" /><testcase classname="tests.test_recommendation_service.TestGetSimilarBooks" name="test_nonexistent_book_returns_empty" time="0.023" /><testcase classname="tests.test_recommendation_service.TestGetSimilarBooks" name="test_reason_mentions_reference" time="0.031" /><testcase classname="tests.test_recommendation_service.TestGetTopRatedBooks" name="test_returns_list" time="0.057" /><testcase classname="tests.test_recommendation_service.TestGetTopRatedBooks" name="test_genre_filter" time="0.032" /><testcase classname="tests.test_recommendation_service.TestGetTopRatedBooks" name="test_limit_respected" time="0.034" /><testcase classname="tests.test_recommendation_service.TestGetTopRatedBooks" name="test_descending_order" time="0.034" /><testcase classname="tests.test_recommendation_service.TestGetTopRatedBooks" name="test_empty_database" time="0.020" /><testcase classname="tests.test_recommendation_service.TestGetTopRatedBooks" name="test_reason_text" time="0.030" /><testcase classname="tests.test_review_schema.TestReviewCreate" name="test_valid" time="0.001" /><testcase classname="tests.test_review_schema.TestReviewCreate" name="test_missing_review_text" time="0.000" /><testcase classname="tests.test_review_schema.TestReviewCreate" name="test_missing_rating" time="0.001" /><testcase classname="tests.test_review_schema.TestReviewCreate" name="test_zero_rating_accepted" time="0.001" /><testcase classname="tests.test_review_schema.TestReviewCreate" name="test_float_rating" time="0.001" /><testcase classname="tests.test_review_schema.TestReviewUpdate" name="test_all_optional" time="0.001" /><testcase classname="tests.test_review_schema.TestReviewUpdate" name="test_update_text_only" time="0.001" /><testcase classname="tests.test_review_schema.TestReviewUpdate" name="test_update_rating_only" time="0.000" /><testcase classname="tests.test_review_schema.TestReviewResponse" name="test_all_fields_present" time="0.000" /><testcase classname="tests.test_review_schema.TestReviewResponse" name="test_missing_id_rejected" time="0.000" /><testcase classname="tests.test_review_schema.TestReviewListResponse" name="test_empty" time="0.000" /><testcase classname="tests.test_review_schema.TestReviewListResponse" name="test_with_items" time="0.000" /><testcase classname="tests.test_review_schema.TestAggregatedRatingResponse" name="test_valid" time="0.000" /><testcase classname="tests.test_review_schema.TestAggregatedRatingResponse" name="test_missing_field_rejected" time="0.001" /><testcase classname="tests.test_review_service.TestCreateReview" name="test_success" time="0.026" /><testcase classname="tests.test_review_service.TestCreateReview" name="test_book_not_found" time="0.021" /><testcase classname="tests.test_review_service.TestCreateReview" name="test_rating_zero_ok" time="0.028" /><testcase classname="tests.test_review_service.TestCreateReview" name="test_rating_five_ok" time="0.028" /><testcase classname="tests.test_review_service.TestCreateReview" name="test_rating_above_five_rejected" time="0.024" /><testcase classname="tests.test_review_service.TestCreateReview" name="test_rating_negative_rejected" time="0.024" /><testcase classname="tests.test_review_service.TestGetReviewsByBook" name="test_empty_list" time="0.027" /><testcase classname="tests.test_review_service.TestGetReviewsByBook" name="test_returns_items" time="0.036" /><testcase classname="tests.test_review_service.TestGetReviewsByBook" name="test_pagination" time="0.106" /><testcase classname="tests.test_review_service.TestGetReviewsByBook" name="test_book_not_found" time="0.028" /><testcase classname="tests.test_review_service.TestGetReviewById" name="test_found" time="0.027" /><testcase classname="tests.test_review_service.TestGetReviewById" name="test_not_found" time="0.019" /><testcase classname="tests.test_review_service.TestUpdateReview" name="test_update_text" time="0.031" /><testcase classname="tests.test_review_service.TestUpdateReview" name="test_update_rating" time="0.032" /><testcase classname="tests.test_review_service.TestUpdateReview" name="test_wrong_user_403" time="0.027" /><testcase classname="tests.test_review_service.TestUpdateReview" name="test_invalid_rating_rejected" time="0.026" /><testcase classname="tests.test_review_service.TestUpdateReview" name="test_not_found" time="0.024" /><testcase classname="tests.test_review_service.TestDeleteReview" name="test_success" time="0.028" /><testcase classname="tests.test_review_service.TestDeleteReview" name="test_wrong_user_403" time="0.030" /><testcase classname="tests.test_review_service.TestDeleteReview" name="test_not_found" time="0.021" /><testcase classname="tests.test_review_service.TestGetAggregatedRating" name="test_with_reviews" time="0.033" /><testcase classname="tests.test_review_service.TestGetAggregatedRating" name="test_no_reviews" time="0.025" /><testcase classname="tests.test_review_service.TestGetAggregatedRating" name="test_book_not_found" time="0.036" /><testcase classname="tests.test_security.TestHashPassword" name="test_returns_string" time="0.251" /><testcase classname="tests.test_security.TestHashPassword" name="test_not_plaintext" time="0.227" /><testcase classname="tests.test_security.TestHashPassword" name="test_bcrypt_prefix" time="0.228" /><testcase classname="tests.test_security.TestHashPassword" name="test_unique_salt_each_call" time="0.453" /><testcase classname="tests.test_security.TestVerifyPassword" name="test_correct_password" time="0.452" /><testcase classname="tests.test_security.TestVerifyPassword" name="test_wrong_password" time="0.452" /><testcase classname="tests.test_security.TestVerifyPassword" name="test_empty_password_matches_itself" time="0.450" /><testcase classname="tests.test_security.TestVerifyPassword" name="test_empty_password_rejects_nonempty" time="0.465" /><testcase classname="tests.test_security.TestCreateAccessToken" name="test_returns_three_part_jwt" time="0.001" /><testcase classname="tests.test_security.TestCreateAccessToken" name="test_claims_roundtrip" time="0.001" /><testcase classname="tests.test_security.TestCreateAccessToken" name="test_expiry_claim_present" time="0.001" /><testcase classname="tests.test_security.TestCreateAccessToken" name="test_does_not_mutate_input_dict" time="0.001" /><testcase classname="tests.test_security.TestDecodeToken" name="test_valid_token" time="0.001" /><testcase classname="tests.test_security.TestDecodeToken" name="test_garbage_token_raises_401" time="0.001" /><testcase classname="tests.test_security.TestDecodeToken" name="test_empty_string_raises_401" time="0.001" /><testcase classname="tests.test_security.TestDecodeToken" name="test_tampered_signature_raises_401" time="0.001" /><testcase classname="tests.test_security.TestGetCurrentUser" name="test_returns_user_dict" time="0.004" /><testcase classname="tests.test_security.TestGetCurrentUser" name="test_missing_sub_raises_401" time="0.002" /><testcase classname="tests.test_security.TestGetCurrentUser" name="test_missing_role_raises_401" time="0.001" /><testcase classname="tests.test_security.TestGetCurrentUser" name="test_invalid_jwt_raises_401" time="0.001" /><testcase classname="tests.test_security.TestRequireRoles" name="test_allowed_single_role" time="0.001" /><testcase classname="tests.test_security.TestRequireRoles" name="test_allowed_multiple_roles" time="0.001" /><testcase classname="tests.test_security.TestRequireRoles" name="test_denied_raises_403" time="0.001" /></testsuite></testsuites>